// Jest Snapshot v1, https://goo.gl/fbAQLP

exports[`Compact formatter: Should create no tables. 1`] = `
ParsedQuerySerializer {
  "parsed": [],
}
`;
