// Jest Snapshot v1, https://goo.gl/fbAQLP

exports[`Compact formatter: Should use database. 1`] = `[]`;
