// Jest Snapshot v1, https://goo.gl/fbAQLP

exports[`Compact formatter: Should alter table options. 1`] = `
ParsedQuerySerializer {
  "parsed": [
    {
      "columns": [
        {
          "name": "id",
          "options": {
            "autoincrement": true,
            "comment": "primary key test",
            "nullable": false,
            "unsigned": true,
            "zerofill": true,
          },
          "type": {
            "datatype": "int",
            "displayWidth": 10,
          },
        },
        {
          "name": "name",
          "options": {
            "charset": "utf8",
            "collation": "utf8_general_ci",
            "default": "Jane "Doe" O\`neil",
            "nullable": false,
          },
          "type": {
            "datatype": "text",
            "length": 65535,
          },
        },
        {
          "name": "nickname",
          "options": {
            "default": "J",
            "nullable": true,
          },
          "type": {
            "datatype": "varchar",
            "length": 20,
          },
        },
        {
          "name": "binarynickname",
          "options": {
            "nullable": false,
          },
          "type": {
            "binaryCollation": true,
            "datatype": "varchar",
            "length": 20,
          },
        },
        {
          "name": "ssn",
          "options": {
            "invisibleWithSystemVersioning": true,
            "nullable": true,
          },
          "type": {
            "datatype": "smallint",
          },
        },
        {
          "name": "height",
          "options": {
            "nullable": true,
          },
          "type": {
            "datatype": "decimal",
            "decimals": 0,
            "digits": 10,
          },
        },
        {
          "name": "weight",
          "options": {
            "nullable": true,
          },
          "type": {
            "datatype": "decimal",
            "decimals": 0,
            "digits": 3,
          },
        },
        {
          "name": "status",
          "options": {
            "invisibleWithoutSystemVersioning": true,
            "nullable": true,
          },
          "type": {
            "datatype": "bit",
            "length": 1,
          },
        },
        {
          "name": "dob",
          "options": {
            "invisible": true,
            "nullable": true,
          },
          "type": {
            "datatype": "date",
            "fractional": 0,
          },
        },
        {
          "name": "tob",
          "options": {
            "nullable": true,
          },
          "type": {
            "datatype": "time",
            "fractional": 3,
          },
        },
        {
          "name": "initials",
          "options": {
            "format": "fixed",
            "nullable": true,
          },
          "type": {
            "datatype": "char",
            "length": 3,
          },
        },
        {
          "name": "prefix",
          "options": {
            "format": "fixed",
            "nullable": true,
          },
          "type": {
            "datatype": "char",
            "length": 3,
          },
        },
        {
          "name": "suffix",
          "options": {
            "format": "fixed",
            "nullable": true,
          },
          "type": {
            "datatype": "char",
            "length": 1,
          },
        },
        {
          "name": "nsuffix",
          "options": {
            "nullable": true,
          },
          "type": {
            "datatype": "varchar",
            "length": 3,
          },
        },
        {
          "name": "sequence",
          "options": {
            "nullable": true,
            "storage": "disk",
          },
          "type": {
            "datatype": "varbinary",
            "length": 20,
          },
        },
        {
          "name": "avatar",
          "options": {
            "nullable": true,
          },
          "type": {
            "datatype": "blob",
            "length": 65535,
          },
        },
        {
          "name": "motto",
          "options": {
            "nullable": true,
          },
          "type": {
            "datatype": "text",
            "length": 50,
          },
        },
        {
          "name": "history",
          "options": {
            "nullable": true,
          },
          "type": {
            "datatype": "text",
            "length": 255,
          },
        },
        {
          "name": "gender",
          "options": {
            "nullable": true,
          },
          "type": {
            "datatype": "enum",
            "values": [
              "M",
              "F",
            ],
          },
        },
        {
          "name": "shape",
          "options": {
            "nullable": true,
          },
          "type": {
            "datatype": "multipoint",
          },
        },
        {
          "name": "pattern",
          "options": {
            "nullable": true,
          },
          "type": {
            "datatype": "multilinestring",
          },
        },
      ],
      "fulltextIndexes": [
        {
          "columns": [
            {
              "column": "initials",
            },
          ],
          "name": "fi_initials",
        },
      ],
      "name": "person",
      "options": {
        "autoincrement": 2,
        "avgRowLength": 256,
        "charset": "utf8",
        "checksum": 1,
        "collation": "latin1_ci",
        "comment": "alter table test",
        "compression": "zlib",
        "connection": "my:sql//",
        "dataDirectory": "/tmp/data",
        "delayKeyWrite": 42,
        "encryption": "y",
        "encryptionKeyId": 99,
        "engine": "XtraDB",
        "ietfQuotes": "yes",
        "indexDirectory": "/tmp/index",
        "insertMethod": "last",
        "keyBlockSize": 64,
        "maxRows": 10000000,
        "minRows": 2,
        "packKeys": "default",
        "union": [
          "pet",
        ],
      },
      "primaryKey": {
        "columns": [
          {
            "column": "id",
          },
        ],
      },
      "uniqueKeys": [
        {
          "columns": [
            {
              "column": "ssn",
            },
          ],
        },
        {
          "columns": [
            {
              "column": "motto",
              "length": 50,
            },
          ],
          "indexType": "btree",
          "name": "u_motto",
          "options": {
            "comment": "be original",
          },
        },
      ],
    },
    {
      "columns": [
        {
          "name": "id",
          "options": {
            "nullable": true,
          },
          "type": {
            "datatype": "bigint",
          },
        },
        {
          "name": "species",
          "options": {
            "nullable": true,
          },
          "type": {
            "datatype": "varchar",
            "length": 200,
          },
        },
        {
          "name": "owner_id",
          "options": {
            "nullable": true,
          },
          "type": {
            "datatype": "mediumint",
          },
        },
        {
          "name": "height",
          "options": {
            "nullable": true,
          },
          "type": {
            "datatype": "decimal",
            "decimals": 0,
            "digits": 10,
          },
        },
        {
          "name": "weight",
          "options": {
            "nullable": true,
          },
          "type": {
            "datatype": "decimal",
            "decimals": 2,
            "digits": 4,
          },
        },
        {
          "name": "status",
          "options": {
            "nullable": true,
          },
          "type": {
            "datatype": "bit",
            "length": 2,
          },
        },
        {
          "name": "birth",
          "options": {
            "nullable": true,
          },
          "type": {
            "datatype": "datetime",
            "fractional": 0,
          },
        },
        {
          "name": "year",
          "options": {
            "nullable": true,
          },
          "type": {
            "datatype": "year",
            "digits": 2,
          },
        },
        {
          "name": "initial",
          "options": {
            "nullable": true,
          },
          "type": {
            "datatype": "char",
            "length": 1,
          },
        },
        {
          "name": "avatar",
          "options": {
            "nullable": true,
          },
          "type": {
            "datatype": "blob",
            "length": 255,
          },
        },
        {
          "name": "photo",
          "options": {
            "nullable": true,
          },
          "type": {
            "datatype": "blob",
            "length": 16777215,
          },
        },
        {
          "name": "history",
          "options": {
            "nullable": true,
          },
          "type": {
            "datatype": "text",
            "length": 16777215,
          },
        },
        {
          "name": "gender",
          "options": {
            "nullable": true,
          },
          "type": {
            "datatype": "set",
            "values": [
              "M",
              "F",
            ],
          },
        },
        {
          "name": "intelligent",
          "options": {
            "nullable": true,
          },
          "type": {
            "datatype": "set",
            "values": [
              "N",
            ],
          },
        },
        {
          "name": "shape",
          "options": {
            "nullable": true,
          },
          "type": {
            "datatype": "polygon",
          },
        },
        {
          "name": "pattern",
          "options": {
            "nullable": true,
          },
          "type": {
            "datatype": "multipolygon",
          },
        },
        {
          "name": "unique_id1",
          "options": {
            "nullable": false,
          },
          "type": {
            "datatype": "uuid",
          },
        },
        {
          "name": "unique_id2",
          "options": {
            "default": "uuid()",
            "nullable": true,
          },
          "type": {
            "datatype": "uuid",
          },
        },
        {
          "name": "object",
          "options": {
            "nullable": true,
          },
          "type": {
            "datatype": "json",
          },
        },
      ],
      "foreignKeys": [
        {
          "columns": [
            {
              "column": "owner_id",
            },
          ],
          "reference": {
            "columns": [
              {
                "column": "id",
                "length": 10,
                "sort": "asc",
              },
            ],
            "table": "person",
          },
        },
      ],
      "indexes": [
        {
          "columns": [
            {
              "column": "height",
            },
            {
              "column": "weight",
              "length": 2,
              "sort": "asc",
            },
          ],
          "indexType": "btree",
          "name": "i_dimensions",
          "options": {
            "comment": "good boy",
          },
        },
        {
          "columns": [
            {
              "column": "birth",
              "length": 5,
              "sort": "desc",
            },
          ],
          "name": "i_birth",
          "options": {
            "indexType": "btree",
          },
        },
      ],
      "name": "pet",
      "options": {
        "connection": "mysql://xyz",
        "dataDirectory": "/data",
        "delayKeyWrite": 0,
        "encryption": "123456",
        "encryptionKeyId": 2,
        "ietfQuotes": "no",
        "insertMethod": "first",
        "packKeys": 0,
        "pageChecksum": 8,
        "password": "1q2w3e",
        "rowFormat": "fixed",
        "statsAutoRecalc": "default",
        "statsPersistent": 11,
        "statsSamplePages": 10,
        "tablespaceName": "asd",
        "tablespaceStorage": "memory",
        "transactional": 1,
        "union": [
          "table1",
          "table2",
        ],
        "withSystemVersioning": true,
      },
    },
    {
      "columns": [
        {
          "name": "id",
          "options": {
            "nullable": false,
          },
          "type": {
            "datatype": "int",
          },
        },
        {
          "name": "pet_id",
          "options": {
            "nullable": true,
          },
          "type": {
            "datatype": "tinyint",
          },
        },
        {
          "name": "coordx",
          "options": {
            "nullable": true,
          },
          "type": {
            "datatype": "float",
            "decimals": 2,
            "digits": 6,
          },
        },
        {
          "name": "coordy",
          "options": {
            "nullable": true,
          },
          "type": {
            "datatype": "double",
          },
        },
        {
          "name": "letter",
          "options": {
            "nullable": true,
          },
          "type": {
            "datatype": "char",
            "length": 1,
          },
        },
        {
          "name": "is_built",
          "options": {
            "nullable": true,
          },
          "type": {
            "datatype": "boolean",
          },
        },
        {
          "name": "is_apartment",
          "options": {
            "nullable": true,
          },
          "type": {
            "datatype": "boolean",
          },
        },
        {
          "name": "updated_at",
          "options": {
            "nullable": true,
          },
          "type": {
            "datatype": "timestamp",
            "fractional": 0,
          },
        },
        {
          "name": "trashed_at",
          "options": {
            "default": "CURRENT_TIMESTAMP(6)",
            "nullable": true,
            "onUpdate": "CURRENT_TIMESTAMP(6)",
          },
          "type": {
            "datatype": "timestamp",
            "fractional": 6,
          },
        },
        {
          "name": "visited_at",
          "options": {
            "default": "CURRENT_TIMESTAMP()",
            "nullable": true,
          },
          "type": {
            "datatype": "timestamp",
            "fractional": 0,
          },
        },
        {
          "name": "year",
          "options": {
            "nullable": true,
          },
          "type": {
            "datatype": "year",
            "digits": 4,
          },
        },
        {
          "name": "sequence",
          "options": {
            "default": "b'00101'",
            "nullable": true,
          },
          "type": {
            "datatype": "binary",
            "length": 1,
          },
        },
        {
          "name": "photo",
          "options": {
            "nullable": true,
          },
          "type": {
            "datatype": "blob",
            "length": 4294967295,
          },
        },
        {
          "name": "history",
          "options": {
            "nullable": true,
          },
          "type": {
            "datatype": "text",
            "length": 4294967295,
          },
        },
        {
          "name": "gender",
          "options": {
            "nullable": true,
          },
          "type": {
            "datatype": "enum",
            "values": [
              "X",
            ],
          },
        },
        {
          "name": "size",
          "options": {
            "nullable": true,
          },
          "type": {
            "datatype": "geometry",
          },
        },
        {
          "name": "where",
          "options": {
            "nullable": true,
          },
          "type": {
            "datatype": "point",
          },
        },
        {
          "name": "street",
          "options": {
            "nullable": true,
          },
          "type": {
            "datatype": "linestring",
          },
        },
        {
          "name": "neighbors",
          "options": {
            "nullable": true,
          },
          "type": {
            "datatype": "multipolygon",
          },
        },
        {
          "name": "city",
          "options": {
            "nullable": true,
          },
          "type": {
            "datatype": "geometrycollection",
          },
        },
      ],
      "foreignKeys": [
        {
          "columns": [
            {
              "column": "size",
            },
          ],
          "reference": {
            "columns": [
              {
                "column": "height",
              },
              {
                "column": "weight",
                "length": 2,
              },
            ],
            "match": "full",
            "on": [
              {
                "action": "set null",
                "trigger": "delete",
              },
              {
                "action": "set default",
                "trigger": "update",
              },
            ],
            "table": "pet",
          },
        },
        {
          "columns": [
            {
              "column": "pet_id",
            },
          ],
          "name": "fk_pet_id",
          "reference": {
            "columns": [
              {
                "column": "id",
                "length": 10,
                "sort": "asc",
              },
            ],
            "table": "pet",
          },
        },
      ],
      "name": "house",
      "options": {
        "ietfQuotes": "yes",
        "indexDirectory": "/var/index",
        "insertMethod": "no",
        "keyBlockSize": 1024,
        "maxRows": 7000000000,
        "minRows": 1,
        "packKeys": "default",
        "pageChecksum": 0,
        "password": "123"456",
        "rowFormat": "default",
        "statsAutoRecalc": "default",
        "tablespaceName": "abc",
        "tablespaceStorage": "default",
        "transactional": 1,
      },
      "primaryKey": {
        "columns": [
          {
            "column": "id",
            "length": 8,
            "sort": "asc",
          },
        ],
        "indexType": "hash",
        "name": "pk_id",
        "options": {
          "comment": "complex test",
          "indexType": "hash",
          "keyBlockSize": 1024,
          "parser": "myParser",
        },
      },
      "spatialIndexes": [
        {
          "columns": [
            {
              "column": "coordx",
            },
            {
              "column": "coordy",
            },
          ],
          "name": "coords",
          "options": {
            "comment": "hi neighbor",
          },
        },
      ],
    },
  ],
}
`;
