// Jest Snapshot v1, https://goo.gl/fbAQLP

exports[`Compact formatter: Should drop a table. 1`] = `
ParsedQuerySerializer {
  "parsed": [
    {
      "columns": [
        {
          "name": "id",
          "options": {
            "autoincrement": true,
            "comment": "primary key test",
            "nullable": false,
            "unsigned": true,
            "zerofill": true,
          },
          "type": {
            "datatype": "int",
            "displayWidth": 10,
          },
        },
        {
          "name": "name",
          "options": {
            "charset": "utf8",
            "collation": "utf8_general_ci",
            "default": "Jane "Doe" O\`neil",
            "nullable": false,
          },
          "type": {
            "datatype": "text",
            "length": 65535,
          },
        },
        {
          "name": "nickname",
          "options": {
            "default": "J",
            "nullable": true,
          },
          "type": {
            "datatype": "varchar",
            "length": 20,
          },
        },
        {
          "name": "binarynickname",
          "options": {
            "nullable": false,
          },
          "type": {
            "binaryCollation": true,
            "datatype": "varchar",
            "length": 20,
          },
        },
        {
          "name": "ssn",
          "options": {
            "invisibleWithSystemVersioning": true,
            "nullable": true,
          },
          "type": {
            "datatype": "smallint",
          },
        },
        {
          "name": "height",
          "options": {
            "nullable": true,
          },
          "type": {
            "datatype": "decimal",
            "decimals": 0,
            "digits": 10,
          },
        },
        {
          "name": "weight",
          "options": {
            "nullable": true,
          },
          "type": {
            "datatype": "decimal",
            "decimals": 0,
            "digits": 3,
          },
        },
        {
          "name": "status",
          "options": {
            "invisibleWithoutSystemVersioning": true,
            "nullable": true,
          },
          "type": {
            "datatype": "bit",
            "length": 1,
          },
        },
        {
          "name": "dob",
          "options": {
            "invisible": true,
            "nullable": true,
          },
          "type": {
            "datatype": "date",
            "fractional": 0,
          },
        },
        {
          "name": "tob",
          "options": {
            "nullable": true,
          },
          "type": {
            "datatype": "time",
            "fractional": 3,
          },
        },
        {
          "name": "initials",
          "options": {
            "format": "fixed",
            "nullable": true,
          },
          "type": {
            "datatype": "char",
            "length": 3,
          },
        },
        {
          "name": "prefix",
          "options": {
            "format": "fixed",
            "nullable": true,
          },
          "type": {
            "datatype": "char",
            "length": 3,
          },
        },
        {
          "name": "suffix",
          "options": {
            "format": "fixed",
            "nullable": true,
          },
          "type": {
            "datatype": "char",
            "length": 1,
          },
        },
        {
          "name": "nsuffix",
          "options": {
            "nullable": true,
          },
          "type": {
            "datatype": "varchar",
            "length": 3,
          },
        },
        {
          "name": "sequence",
          "options": {
            "nullable": true,
            "storage": "disk",
          },
          "type": {
            "datatype": "varbinary",
            "length": 20,
          },
        },
        {
          "name": "avatar",
          "options": {
            "nullable": true,
          },
          "type": {
            "datatype": "blob",
            "length": 65535,
          },
        },
        {
          "name": "motto",
          "options": {
            "nullable": true,
          },
          "type": {
            "datatype": "text",
            "length": 50,
          },
        },
        {
          "name": "history",
          "options": {
            "nullable": true,
          },
          "type": {
            "datatype": "text",
            "length": 255,
          },
        },
        {
          "name": "gender",
          "options": {
            "nullable": true,
          },
          "type": {
            "datatype": "enum",
            "values": [
              "M",
              "F",
            ],
          },
        },
        {
          "name": "shape",
          "options": {
            "nullable": true,
          },
          "type": {
            "datatype": "multipoint",
          },
        },
        {
          "name": "pattern",
          "options": {
            "nullable": true,
          },
          "type": {
            "datatype": "multilinestring",
          },
        },
      ],
      "fulltextIndexes": [
        {
          "columns": [
            {
              "column": "initials",
            },
          ],
          "name": "fi_initials",
        },
      ],
      "name": "person",
      "options": {
        "autoincrement": 2,
        "avgRowLength": 250,
        "charset": "utf8",
        "checksum": 1,
        "collation": "utf8_general_ci",
        "comment": "test table",
        "compression": "zlib",
        "engine": "XtraDB",
        "insertMethod": "last",
        "union": [
          "pet",
        ],
      },
      "primaryKey": {
        "columns": [
          {
            "column": "id",
          },
        ],
      },
      "uniqueKeys": [
        {
          "columns": [
            {
              "column": "ssn",
            },
          ],
        },
        {
          "columns": [
            {
              "column": "motto",
              "length": 50,
            },
          ],
          "indexType": "btree",
          "name": "u_motto",
          "options": {
            "comment": "be original",
          },
        },
      ],
    },
    {
      "columns": [
        {
          "name": "id",
          "options": {
            "nullable": true,
          },
          "type": {
            "datatype": "bigint",
          },
        },
        {
          "name": "species",
          "options": {
            "nullable": true,
          },
          "type": {
            "datatype": "varchar",
            "length": 200,
          },
        },
        {
          "name": "owner_id",
          "options": {
            "nullable": true,
          },
          "type": {
            "datatype": "mediumint",
          },
        },
        {
          "name": "height",
          "options": {
            "nullable": true,
          },
          "type": {
            "datatype": "decimal",
            "decimals": 0,
            "digits": 10,
          },
        },
        {
          "name": "weight",
          "options": {
            "nullable": true,
          },
          "type": {
            "datatype": "decimal",
            "decimals": 2,
            "digits": 4,
          },
        },
        {
          "name": "status",
          "options": {
            "nullable": true,
          },
          "type": {
            "datatype": "bit",
            "length": 2,
          },
        },
        {
          "name": "birth",
          "options": {
            "nullable": true,
          },
          "type": {
            "datatype": "datetime",
            "fractional": 0,
          },
        },
        {
          "name": "year",
          "options": {
            "nullable": true,
          },
          "type": {
            "datatype": "year",
            "digits": 2,
          },
        },
        {
          "name": "initial",
          "options": {
            "nullable": true,
          },
          "type": {
            "datatype": "char",
            "length": 1,
          },
        },
        {
          "name": "avatar",
          "options": {
            "nullable": true,
          },
          "type": {
            "datatype": "blob",
            "length": 255,
          },
        },
        {
          "name": "photo",
          "options": {
            "nullable": true,
          },
          "type": {
            "datatype": "blob",
            "length": 16777215,
          },
        },
        {
          "name": "history",
          "options": {
            "nullable": true,
          },
          "type": {
            "datatype": "text",
            "length": 16777215,
          },
        },
        {
          "name": "gender",
          "options": {
            "nullable": true,
          },
          "type": {
            "datatype": "set",
            "values": [
              "M",
              "F",
            ],
          },
        },
        {
          "name": "intelligent",
          "options": {
            "nullable": true,
          },
          "type": {
            "datatype": "set",
            "values": [
              "N",
            ],
          },
        },
        {
          "name": "shape",
          "options": {
            "nullable": true,
          },
          "type": {
            "datatype": "polygon",
          },
        },
        {
          "name": "pattern",
          "options": {
            "nullable": true,
          },
          "type": {
            "datatype": "multipolygon",
          },
        },
        {
          "name": "unique_id1",
          "options": {
            "nullable": false,
          },
          "type": {
            "datatype": "uuid",
          },
        },
        {
          "name": "unique_id2",
          "options": {
            "default": "uuid()",
            "nullable": true,
          },
          "type": {
            "datatype": "uuid",
          },
        },
        {
          "name": "object",
          "options": {
            "nullable": true,
          },
          "type": {
            "datatype": "json",
          },
        },
      ],
      "foreignKeys": [
        {
          "columns": [
            {
              "column": "owner_id",
            },
          ],
          "reference": {
            "columns": [
              {
                "column": "id",
                "length": 10,
                "sort": "asc",
              },
            ],
            "table": "person",
          },
        },
      ],
      "indexes": [
        {
          "columns": [
            {
              "column": "height",
            },
            {
              "column": "weight",
              "length": 2,
              "sort": "asc",
            },
          ],
          "indexType": "btree",
          "name": "i_dimensions",
          "options": {
            "comment": "good boy",
          },
        },
        {
          "columns": [
            {
              "column": "birth",
              "length": 5,
              "sort": "desc",
            },
          ],
          "name": "i_birth",
          "options": {
            "indexType": "btree",
          },
        },
      ],
      "name": "pet",
      "options": {
        "connection": "mysql://xyz",
        "dataDirectory": "/data",
        "delayKeyWrite": 0,
        "encryption": "123456",
        "encryptionKeyId": 2,
        "ietfQuotes": "no",
        "insertMethod": "first",
        "packKeys": 0,
        "rowFormat": "dynamic",
        "statsAutoRecalc": 0,
        "tablespaceName": "abc",
        "union": [
          "house",
          "person",
        ],
        "withSystemVersioning": true,
      },
    },
  ],
}
`;

exports[`Compact formatter: Should not drop table being referenced by foreign keys. 1`] = `
ParsedQuerySerializer {
  "parsed": [
    {
      "columns": [
        {
          "name": "id",
          "options": {
            "autoincrement": true,
            "comment": "primary key test",
            "nullable": false,
            "unsigned": true,
            "zerofill": true,
          },
          "type": {
            "datatype": "int",
            "displayWidth": 10,
          },
        },
        {
          "name": "name",
          "options": {
            "charset": "utf8",
            "collation": "utf8_general_ci",
            "default": "Jane "Doe" O\`neil",
            "nullable": false,
          },
          "type": {
            "datatype": "text",
            "length": 65535,
          },
        },
        {
          "name": "nickname",
          "options": {
            "default": "J",
            "nullable": true,
          },
          "type": {
            "datatype": "varchar",
            "length": 20,
          },
        },
        {
          "name": "binarynickname",
          "options": {
            "nullable": false,
          },
          "type": {
            "binaryCollation": true,
            "datatype": "varchar",
            "length": 20,
          },
        },
        {
          "name": "ssn",
          "options": {
            "invisibleWithSystemVersioning": true,
            "nullable": true,
          },
          "type": {
            "datatype": "smallint",
          },
        },
        {
          "name": "height",
          "options": {
            "nullable": true,
          },
          "type": {
            "datatype": "decimal",
            "decimals": 0,
            "digits": 10,
          },
        },
        {
          "name": "weight",
          "options": {
            "nullable": true,
          },
          "type": {
            "datatype": "decimal",
            "decimals": 0,
            "digits": 3,
          },
        },
        {
          "name": "status",
          "options": {
            "invisibleWithoutSystemVersioning": true,
            "nullable": true,
          },
          "type": {
            "datatype": "bit",
            "length": 1,
          },
        },
        {
          "name": "dob",
          "options": {
            "invisible": true,
            "nullable": true,
          },
          "type": {
            "datatype": "date",
            "fractional": 0,
          },
        },
        {
          "name": "tob",
          "options": {
            "nullable": true,
          },
          "type": {
            "datatype": "time",
            "fractional": 3,
          },
        },
        {
          "name": "initials",
          "options": {
            "format": "fixed",
            "nullable": true,
          },
          "type": {
            "datatype": "char",
            "length": 3,
          },
        },
        {
          "name": "prefix",
          "options": {
            "format": "fixed",
            "nullable": true,
          },
          "type": {
            "datatype": "char",
            "length": 3,
          },
        },
        {
          "name": "suffix",
          "options": {
            "format": "fixed",
            "nullable": true,
          },
          "type": {
            "datatype": "char",
            "length": 1,
          },
        },
        {
          "name": "nsuffix",
          "options": {
            "nullable": true,
          },
          "type": {
            "datatype": "varchar",
            "length": 3,
          },
        },
        {
          "name": "sequence",
          "options": {
            "nullable": true,
            "storage": "disk",
          },
          "type": {
            "datatype": "varbinary",
            "length": 20,
          },
        },
        {
          "name": "avatar",
          "options": {
            "nullable": true,
          },
          "type": {
            "datatype": "blob",
            "length": 65535,
          },
        },
        {
          "name": "motto",
          "options": {
            "nullable": true,
          },
          "type": {
            "datatype": "text",
            "length": 50,
          },
        },
        {
          "name": "history",
          "options": {
            "nullable": true,
          },
          "type": {
            "datatype": "text",
            "length": 255,
          },
        },
        {
          "name": "gender",
          "options": {
            "nullable": true,
          },
          "type": {
            "datatype": "enum",
            "values": [
              "M",
              "F",
            ],
          },
        },
        {
          "name": "shape",
          "options": {
            "nullable": true,
          },
          "type": {
            "datatype": "multipoint",
          },
        },
        {
          "name": "pattern",
          "options": {
            "nullable": true,
          },
          "type": {
            "datatype": "multilinestring",
          },
        },
      ],
      "fulltextIndexes": [
        {
          "columns": [
            {
              "column": "initials",
            },
          ],
          "name": "fi_initials",
        },
      ],
      "name": "person",
      "options": {
        "autoincrement": 2,
        "avgRowLength": 250,
        "charset": "utf8",
        "checksum": 1,
        "collation": "utf8_general_ci",
        "comment": "test table",
        "compression": "zlib",
        "engine": "XtraDB",
        "insertMethod": "last",
        "union": [
          "pet",
        ],
      },
      "primaryKey": {
        "columns": [
          {
            "column": "id",
          },
        ],
      },
      "uniqueKeys": [
        {
          "columns": [
            {
              "column": "ssn",
            },
          ],
        },
        {
          "columns": [
            {
              "column": "motto",
              "length": 50,
            },
          ],
          "indexType": "btree",
          "name": "u_motto",
          "options": {
            "comment": "be original",
          },
        },
      ],
    },
    {
      "columns": [
        {
          "name": "id",
          "options": {
            "nullable": true,
          },
          "type": {
            "datatype": "bigint",
          },
        },
        {
          "name": "species",
          "options": {
            "nullable": true,
          },
          "type": {
            "datatype": "varchar",
            "length": 200,
          },
        },
        {
          "name": "owner_id",
          "options": {
            "nullable": true,
          },
          "type": {
            "datatype": "mediumint",
          },
        },
        {
          "name": "height",
          "options": {
            "nullable": true,
          },
          "type": {
            "datatype": "decimal",
            "decimals": 0,
            "digits": 10,
          },
        },
        {
          "name": "weight",
          "options": {
            "nullable": true,
          },
          "type": {
            "datatype": "decimal",
            "decimals": 2,
            "digits": 4,
          },
        },
        {
          "name": "status",
          "options": {
            "nullable": true,
          },
          "type": {
            "datatype": "bit",
            "length": 2,
          },
        },
        {
          "name": "birth",
          "options": {
            "nullable": true,
          },
          "type": {
            "datatype": "datetime",
            "fractional": 0,
          },
        },
        {
          "name": "year",
          "options": {
            "nullable": true,
          },
          "type": {
            "datatype": "year",
            "digits": 2,
          },
        },
        {
          "name": "initial",
          "options": {
            "nullable": true,
          },
          "type": {
            "datatype": "char",
            "length": 1,
          },
        },
        {
          "name": "avatar",
          "options": {
            "nullable": true,
          },
          "type": {
            "datatype": "blob",
            "length": 255,
          },
        },
        {
          "name": "photo",
          "options": {
            "nullable": true,
          },
          "type": {
            "datatype": "blob",
            "length": 16777215,
          },
        },
        {
          "name": "history",
          "options": {
            "nullable": true,
          },
          "type": {
            "datatype": "text",
            "length": 16777215,
          },
        },
        {
          "name": "gender",
          "options": {
            "nullable": true,
          },
          "type": {
            "datatype": "set",
            "values": [
              "M",
              "F",
            ],
          },
        },
        {
          "name": "intelligent",
          "options": {
            "nullable": true,
          },
          "type": {
            "datatype": "set",
            "values": [
              "N",
            ],
          },
        },
        {
          "name": "shape",
          "options": {
            "nullable": true,
          },
          "type": {
            "datatype": "polygon",
          },
        },
        {
          "name": "pattern",
          "options": {
            "nullable": true,
          },
          "type": {
            "datatype": "multipolygon",
          },
        },
        {
          "name": "unique_id1",
          "options": {
            "nullable": false,
          },
          "type": {
            "datatype": "uuid",
          },
        },
        {
          "name": "unique_id2",
          "options": {
            "default": "uuid()",
            "nullable": true,
          },
          "type": {
            "datatype": "uuid",
          },
        },
        {
          "name": "object",
          "options": {
            "nullable": true,
          },
          "type": {
            "datatype": "json",
          },
        },
      ],
      "foreignKeys": [
        {
          "columns": [
            {
              "column": "owner_id",
            },
          ],
          "reference": {
            "columns": [
              {
                "column": "id",
                "length": 10,
                "sort": "asc",
              },
            ],
            "table": "person",
          },
        },
      ],
      "indexes": [
        {
          "columns": [
            {
              "column": "height",
            },
            {
              "column": "weight",
              "length": 2,
              "sort": "asc",
            },
          ],
          "indexType": "btree",
          "name": "i_dimensions",
          "options": {
            "comment": "good boy",
          },
        },
        {
          "columns": [
            {
              "column": "birth",
              "length": 5,
              "sort": "desc",
            },
          ],
          "name": "i_birth",
          "options": {
            "indexType": "btree",
          },
        },
      ],
      "name": "pet",
      "options": {
        "connection": "mysql://xyz",
        "dataDirectory": "/data",
        "delayKeyWrite": 0,
        "encryption": "123456",
        "encryptionKeyId": 2,
        "ietfQuotes": "no",
        "insertMethod": "first",
        "packKeys": 0,
        "rowFormat": "dynamic",
        "statsAutoRecalc": 0,
        "tablespaceName": "abc",
        "union": [
          "house",
          "person",
        ],
        "withSystemVersioning": true,
      },
    },
  ],
}
`;
